Sampling shared contracts …
Filter funnel …

=== Heston–Merton | 2008-2009 ===
    Heston–Merton    2008-2009 SPY: RMSE%=39.86 MAE=1.4824 n=9 updates=13 cal=2.6s lsm=0.1s
    Heston–Merton    2008-2009 AAPL: RMSE%=34.87 MAE=1.7419 n=50 updates=13 cal=5.6s lsm=0.5s
    Heston–Merton    2008-2009 MSFT: RMSE%=28.31 MAE=0.2706 n=50 updates=13 cal=3.2s lsm=0.4s

=== Heston–Merton | 2013-2014 ===
    Heston–Merton    2013-2014 SPY: RMSE%=61.00 MAE=0.9735 n=50 updates=13 cal=8.4s lsm=0.4s
    Heston–Merton    2013-2014 AAPL: RMSE%=36.09 MAE=2.3642 n=50 updates=13 cal=7.7s lsm=0.4s
    Heston–Merton    2013-2014 MSFT: RMSE%=31.20 MAE=0.1950 n=50 updates=13 cal=6.1s lsm=0.3s

=== Heston–Merton | 2018-2019 ===
    Heston–Merton    2018-2019 SPY: RMSE%=71.48 MAE=2.3922 n=50 updates=13 cal=9.9s lsm=0.4s
    Heston–Merton    2018-2019 AAPL: RMSE%=42.90 MAE=2.1834 n=51 updates=13 cal=6.3s lsm=0.5s
    Heston–Merton    2018-2019 MSFT: RMSE%=35.14 MAE=0.8704 n=50 updates=13 cal=6.7s lsm=0.3s

=== Heston–Merton | 2019-2020 ===
    Heston–Merton    2019-2020 SPY: RMSE%=64.54 MAE=3.6163 n=50 updates=13 cal=8.6s lsm=0.3s
    Heston–Merton    2019-2020 AAPL: RMSE%=41.18 MAE=3.6295 n=50 updates=13 cal=5.3s lsm=0.3s
    Heston–Merton    2019-2020 MSFT: RMSE%=36.07 MAE=1.8444 n=50 updates=13 cal=7.4s lsm=0.3s

Wrote /Users/sophia/Desktop/Study📄/202606 - Pioneer/Research/Coding tests/V3-Models_result/results/empirical_study_5y_monthly/payload.json in 1.4 min
Incomplete: 12/72 cells, failures=[]. PDF/notebook not finalized.
