Sampling shared contracts …
Filter funnel …

=== Merton | 2008-2009 ===
<unknown>:242: SyntaxWarning: invalid escape sequence '\('
    Merton           2008-2009 SPY: RMSE%=42.46 MAE=1.4095 n=9 updates=13 cal=0.0s lsm=0.1s
    Merton           2008-2009 AAPL: RMSE%=37.67 MAE=1.8257 n=50 updates=13 cal=0.0s lsm=0.4s
    Merton           2008-2009 MSFT: RMSE%=32.44 MAE=0.3574 n=50 updates=13 cal=0.0s lsm=0.3s

=== Merton | 2013-2014 ===
<unknown>:242: SyntaxWarning: invalid escape sequence '\('
    Merton           2013-2014 SPY: RMSE%=97.95 MAE=2.0325 n=50 updates=13 cal=0.0s lsm=0.3s
    Merton           2013-2014 AAPL: RMSE%=50.97 MAE=3.4661 n=50 updates=13 cal=0.0s lsm=0.3s
    Merton           2013-2014 MSFT: RMSE%=60.82 MAE=0.4214 n=50 updates=13 cal=0.0s lsm=0.3s

=== Merton | 2018-2019 ===
<unknown>:242: SyntaxWarning: invalid escape sequence '\('
    Merton           2018-2019 SPY: RMSE%=34.83 MAE=1.1179 n=50 updates=13 cal=0.0s lsm=0.4s
    Merton           2018-2019 AAPL: RMSE%=20.15 MAE=1.0021 n=51 updates=13 cal=0.0s lsm=0.4s
    Merton           2018-2019 MSFT: RMSE%=31.36 MAE=0.7856 n=50 updates=13 cal=0.0s lsm=0.4s

=== Merton | 2019-2020 ===
<unknown>:242: SyntaxWarning: invalid escape sequence '\('
    Merton           2019-2020 SPY: RMSE%=47.73 MAE=2.6129 n=50 updates=13 cal=0.0s lsm=0.5s
    Merton           2019-2020 AAPL: RMSE%=30.78 MAE=2.5957 n=50 updates=13 cal=0.0s lsm=0.4s
    Merton           2019-2020 MSFT: RMSE%=40.00 MAE=1.5733 n=50 updates=13 cal=0.0s lsm=0.4s

Wrote /Users/sophia/Desktop/Study📄/202606 - Pioneer/Research/Coding tests/V3-Models_result/results/empirical_study_5y_monthly/payload.json in 0.1 min
Incomplete: 12/72 cells, failures=[]. PDF/notebook not finalized.
